com.bst.pmgr.application.ApplicationTest.registerAndSendEmail=[
  {
    "e": {},
    "match": false,
    "want_line": false
  },
  [
    {
      "address": "test@mail.com"
    }
  ],
  [
    {
      "address": "automator@brainspeedtech.com"
    }
  ]
]


com.bst.pmgr.application.ApplicationTest.sendAndReceiveEmail=[
  "Some text\r\n",
  {
    "e": {},
    "match": false,
    "want_line": false
  },
  [
    {
      "address": "test@mail.com"
    }
  ],
  [
    {
      "address": "automator@brainspeedtech.com"
    }
  ]
]